Archive member included because of file (symbol)

c:/program files/dave-ide-4.4.2-64bit/eclipse/arm-gcc-49/bin/../lib/gcc/arm-none-eabi/4.9.3/armv7e-m/softfp\libgcc.a(_lshrdi3.o)
                              ./Dave/Generated/TIMER/timer.o (__aeabi_llsr)
c:/program files/dave-ide-4.4.2-64bit/eclipse/arm-gcc-49/bin/../lib/gcc/arm-none-eabi/4.9.3/armv7e-m/softfp\libgcc.a(_aeabi_uldivmod.o)
                              ./Dave/Generated/TIMER/timer.o (__aeabi_uldivmod)
c:/program files/dave-ide-4.4.2-64bit/eclipse/arm-gcc-49/bin/../lib/gcc/arm-none-eabi/4.9.3/armv7e-m/softfp\libgcc.a(bpabi.o)
                              c:/program files/dave-ide-4.4.2-64bit/eclipse/arm-gcc-49/bin/../lib/gcc/arm-none-eabi/4.9.3/armv7e-m/softfp\libgcc.a(_aeabi_uldivmod.o) (__gnu_uldivmod_helper)
c:/program files/dave-ide-4.4.2-64bit/eclipse/arm-gcc-49/bin/../lib/gcc/arm-none-eabi/4.9.3/armv7e-m/softfp\libgcc.a(_dvmd_tls.o)
                              c:/program files/dave-ide-4.4.2-64bit/eclipse/arm-gcc-49/bin/../lib/gcc/arm-none-eabi/4.9.3/armv7e-m/softfp\libgcc.a(_aeabi_uldivmod.o) (__aeabi_ldiv0)
c:/program files/dave-ide-4.4.2-64bit/eclipse/arm-gcc-49/bin/../lib/gcc/arm-none-eabi/4.9.3/armv7e-m/softfp\libgcc.a(_divdi3.o)
                              c:/program files/dave-ide-4.4.2-64bit/eclipse/arm-gcc-49/bin/../lib/gcc/arm-none-eabi/4.9.3/armv7e-m/softfp\libgcc.a(bpabi.o) (__divdi3)
c:/program files/dave-ide-4.4.2-64bit/eclipse/arm-gcc-49/bin/../lib/gcc/arm-none-eabi/4.9.3/armv7e-m/softfp\libgcc.a(_udivdi3.o)
                              c:/program files/dave-ide-4.4.2-64bit/eclipse/arm-gcc-49/bin/../lib/gcc/arm-none-eabi/4.9.3/armv7e-m/softfp\libgcc.a(bpabi.o) (__udivdi3)
c:/program files/dave-ide-4.4.2-64bit/eclipse/arm-gcc-49/bin/../lib/gcc/arm-none-eabi/4.9.3/../../../../arm-none-eabi/lib/armv7e-m/softfp\libc_nano.a(lib_a-errno.o)
                              ./Libraries/Newlib/syscalls.o (__errno)
c:/program files/dave-ide-4.4.2-64bit/eclipse/arm-gcc-49/bin/../lib/gcc/arm-none-eabi/4.9.3/../../../../arm-none-eabi/lib/armv7e-m/softfp\libc_nano.a(lib_a-impure.o)
                              c:/program files/dave-ide-4.4.2-64bit/eclipse/arm-gcc-49/bin/../lib/gcc/arm-none-eabi/4.9.3/../../../../arm-none-eabi/lib/armv7e-m/softfp\libc_nano.a(lib_a-errno.o) (_impure_ptr)
c:/program files/dave-ide-4.4.2-64bit/eclipse/arm-gcc-49/bin/../lib/gcc/arm-none-eabi/4.9.3/../../../../arm-none-eabi/lib/armv7e-m/softfp\libc_nano.a(lib_a-init.o)
                              ./Startup/startup_XMC4700.o (__libc_init_array)
c:/program files/dave-ide-4.4.2-64bit/eclipse/arm-gcc-49/bin/../lib/gcc/arm-none-eabi/4.9.3/../../../../arm-none-eabi/lib/armv7e-m/softfp\libc_nano.a(lib_a-memcpy.o)
                              ./Libraries/XMCLib/src/xmc_eth_mac.o (memcpy)
c:/program files/dave-ide-4.4.2-64bit/eclipse/arm-gcc-49/bin/../lib/gcc/arm-none-eabi/4.9.3/../../../../arm-none-eabi/lib/armv7e-m/softfp\libc_nano.a(lib_a-memset.o)
                              ./Libraries/XMCLib/src/xmc_usbd.o (memset)

Allocating common symbols
Common symbol       size              file

luminosity_measured
                    0x1               ./main.o
gmt_time            0x8               ./main.o
dma0_event_handlers
                    0x20              ./Libraries/XMCLib/src/xmc_dma.o
message             0x40              ./main.o
pipe                0x1c0             ./Libraries/XMCLib/src/xmc_usbh.o
dma1_event_handlers
                    0x10              ./Libraries/XMCLib/src/xmc_dma.o
event_handler_list  0x80              ./Libraries/XMCLib/src/xmc4_scu.o
is_nack             0xe               ./Libraries/XMCLib/src/xmc_usbh.o
usbd_init           0x4               ./Libraries/XMCLib/src/xmc_usbd.o
xmc_device          0x208             ./Libraries/XMCLib/src/xmc_usbd.o

Discarded input sections

 .text          0x00000000        0x0 ./Startup/startup_XMC4700.o
 .data          0x00000000        0x0 ./Startup/startup_XMC4700.o
 .bss           0x00000000        0x0 ./Startup/startup_XMC4700.o
 .text          0x00000000        0x0 ./Startup/system_XMC4700.o
 .data          0x00000000        0x0 ./Startup/system_XMC4700.o
 .bss           0x00000000        0x0 ./Startup/system_XMC4700.o
 .text.delay    0x00000000       0x18 ./Startup/system_XMC4700.o
 .text.SystemCoreSetup
                0x00000000       0x44 ./Startup/system_XMC4700.o
 .text.OSCHP_GetFrequency
                0x00000000        0x8 ./Startup/system_XMC4700.o
 .text.SystemCoreClockSetup
                0x00000000      0x184 ./Startup/system_XMC4700.o
 .comment       0x00000000       0x71 ./Startup/system_XMC4700.o
 .text          0x00000000        0x0 ./Libraries/XMCLib/src/xmc4_eru.o
 .data          0x00000000        0x0 ./Libraries/XMCLib/src/xmc4_eru.o
 .bss           0x00000000        0x0 ./Libraries/XMCLib/src/xmc4_eru.o
 .text.XMC_ERU_Enable
                0x00000000       0x24 ./Libraries/XMCLib/src/xmc4_eru.o
 .text.XMC_ERU_Disable
[...]
Memory Configuration

Name             Origin             Length             Attributes
FLASH_1_cached   0x08000000         0x00200000         xr
FLASH_1_uncached 0x0c000000         0x00200000         xr
PSRAM_1          0x1ffe8000         0x00018000         !xr
DSRAM_1_system   0x20000000         0x00020000         !xr
DSRAM_2_comm     0x20020000         0x00020000         !xr
SRAM_combined    0x1ffe8000         0x00058000         !xr
*default*        0x00000000         0xffffffff

Linker script and memory map

LOAD ./Startup/startup_XMC4700.o
LOAD ./Startup/system_XMC4700.o
LOAD ./Libraries/XMCLib/src/xmc4_eru.o
LOAD ./Libraries/XMCLib/src/xmc4_flash.o
LOAD ./Libraries/XMCLib/src/xmc4_gpio.o
LOAD ./Libraries/XMCLib/src/xmc4_rtc.o
LOAD ./Libraries/XMCLib/src/xmc4_scu.o
LOAD ./Libraries/XMCLib/src/xmc_can.o
LOAD ./Libraries/XMCLib/src/xmc_ccu4.o
LOAD ./Libraries/XMCLib/src/xmc_ccu8.o
LOAD ./Libraries/XMCLib/src/xmc_common.o
LOAD ./Libraries/XMCLib/src/xmc_dac.o
LOAD ./Libraries/XMCLib/src/xmc_dma.o
LOAD ./Libraries/XMCLib/src/xmc_dsd.o
LOAD ./Libraries/XMCLib/src/xmc_ebu.o
LOAD ./Libraries/XMCLib/src/xmc_ecat.o
LOAD ./Libraries/XMCLib/src/xmc_eru.o
LOAD ./Libraries/XMCLib/src/xmc_eth_mac.o
LOAD ./Libraries/XMCLib/src/xmc_eth_phy_dp83848.o
LOAD ./Libraries/XMCLib/src/xmc_eth_phy_ksz8031rnl.o
LOAD ./Libraries/XMCLib/src/xmc_eth_phy_ksz8081rnb.o
LOAD ./Libraries/XMCLib/src/xmc_fce.o
LOAD ./Libraries/XMCLib/src/xmc_gpio.o
LOAD ./Libraries/XMCLib/src/xmc_hrpwm.o
LOAD ./Libraries/XMCLib/src/xmc_i2c.o
LOAD ./Libraries/XMCLib/src/xmc_i2s.o
LOAD ./Libraries/XMCLib/src/xmc_ledts.o
LOAD ./Libraries/XMCLib/src/xmc_posif.o
LOAD ./Libraries/XMCLib/src/xmc_rtc.o
LOAD ./Libraries/XMCLib/src/xmc_sdmmc.o
LOAD ./Libraries/XMCLib/src/xmc_spi.o
LOAD ./Libraries/XMCLib/src/xmc_uart.o
LOAD ./Libraries/XMCLib/src/xmc_usbd.o
LOAD ./Libraries/XMCLib/src/xmc_usbh.o
LOAD ./Libraries/XMCLib/src/xmc_usic.o
LOAD ./Libraries/XMCLib/src/xmc_vadc.o
LOAD ./Libraries/XMCLib/src/xmc_wdt.o
LOAD ./Libraries/Newlib/syscalls.o
LOAD ./Dave/Generated/UART/uart.o
LOAD ./Dave/Generated/UART/uart_conf.o
LOAD ./Dave/Generated/TIMER/timer.o
LOAD ./Dave/Generated/TIMER/timer_conf.o
LOAD ./Dave/Generated/RTC/rtc.o
LOAD ./Dave/Generated/RTC/rtc_conf.o
LOAD ./Dave/Generated/INTERRUPT/interrupt.o
LOAD ./Dave/Generated/INTERRUPT/interrupt_conf.o
LOAD ./Dave/Generated/GLOBAL_CCU4/global_ccu4.o
LOAD ./Dave/Generated/GLOBAL_CCU4/global_ccu4_conf.o
LOAD ./Dave/Generated/GLOBAL_ADC/global_adc.o
LOAD ./Dave/Generated/GLOBAL_ADC/global_adc_conf.o
LOAD ./Dave/Generated/DIGITAL_IO/digital_io.o
LOAD ./Dave/Generated/DIGITAL_IO/digital_io_conf.o
LOAD ./Dave/Generated/CPU_CTRL_XMC4/cpu_ctrl_xmc4.o
LOAD ./Dave/Generated/CPU_CTRL_XMC4/cpu_ctrl_xmc4_conf.o
LOAD ./Dave/Generated/CLOCK_XMC4/clock_xmc4.o
LOAD ./Dave/Generated/CLOCK_XMC4/clock_xmc4_conf.o
LOAD ./Dave/Generated/BUS_IO/bus_io.o
LOAD ./Dave/Generated/BUS_IO/bus_io_conf.o
LOAD ./Dave/Generated/ADC_MEASUREMENT/adc_measurement.o
LOAD ./Dave/Generated/ADC_MEASUREMENT/adc_measurement_conf.o
LOAD ./Dave/Generated/DAVE.o
LOAD ./main.o
LOAD c:/program files/dave-ide-4.4.2-64bit/eclipse/arm-gcc-49/bin/../lib/gcc/arm-none-eabi/4.9.3/../../../../arm-none-eabi/lib/armv7e-m/softfp\libm.a
START GROUP
LOAD c:/program files/dave-ide-4.4.2-64bit/eclipse/arm-gcc-49/bin/../lib/gcc/arm-none-eabi/4.9.3/armv7e-m/softfp\libgcc.a
LOAD c:/program files/dave-ide-4.4.2-64bit/eclipse/arm-gcc-49/bin/../lib/gcc/arm-none-eabi/4.9.3/../../../../arm-none-eabi/lib/armv7e-m/softfp\libc_nano.a
END GROUP
START GROUP
LOAD c:/program files/dave-ide-4.4.2-64bit/eclipse/arm-gcc-49/bin/../lib/gcc/arm-none-eabi/4.9.3/armv7e-m/softfp\libgcc.a
LOAD c:/program files/dave-ide-4.4.2-64bit/eclipse/arm-gcc-49/bin/../lib/gcc/arm-none-eabi/4.9.3/../../../../arm-none-eabi/lib/armv7e-m/softfp\libc_nano.a
LOAD c:/program files/dave-ide-4.4.2-64bit/eclipse/arm-gcc-49/bin/../lib/gcc/arm-none-eabi/4.9.3/../../../../arm-none-eabi/lib/armv7e-m/softfp\libnosys.a
END GROUP
START GROUP
LOAD c:/program files/dave-ide-4.4.2-64bit/eclipse/arm-gcc-49/bin/../lib/gcc/arm-none-eabi/4.9.3/armv7e-m/softfp\libgcc.a
LOAD c:/program files/dave-ide-4.4.2-64bit/eclipse/arm-gcc-49/bin/../lib/gcc/arm-none-eabi/4.9.3/../../../../arm-none-eabi/lib/armv7e-m/softfp\libc_nano.a
LOAD c:/program files/dave-ide-4.4.2-64bit/eclipse/arm-gcc-49/bin/../lib/gcc/arm-none-eabi/4.9.3/../../../../arm-none-eabi/lib/armv7e-m/softfp\libnosys.a
END GROUP
                0x00000800                stack_size = DEFINED (stack_size)?stack_size:0x800
                0x00000040                no_init_size = 0x40

.text           0x08000000     0x26a8 load address 0x0c000000
                0x08000000                sText = .
 *(.reset)
 .reset         0x08000000      0x29c ./Startup/startup_XMC4700.o
                0x08000000                __Vectors
                0x08000200                Reset_Handler
                0x08000298                DSD0_7_IRQHandler
                0x08000298                DebugMon_Handler
                0x08000298                VADC0_C0_0_IRQHandler
                0x08000298                CAN0_4_IRQHandler
                0x08000298                VADC0_G2_0_IRQHandler
                0x08000298                USIC0_5_IRQHandler
                0x08000298                POSIF0_0_IRQHandler
                0x08000298                POSIF1_0_IRQHandler
                0x08000298                HardFault_Handler
                0x08000298                VADC0_G1_1_IRQHandler
                0x08000298                SysTick_Handler
                0x08000298                PendSV_Handler
                0x08000298                NMI_Handler
                0x08000298                USIC1_3_IRQHandler
                0x08000298                CCU40_2_IRQHandler
                0x08000298                SCU_0_IRQHandler
                0x08000298                ERU0_0_IRQHandler
                0x08000298                CCU41_0_IRQHandler
                0x08000298                USIC1_5_IRQHandler
                0x08000298                DSD0_4_IRQHandler
                0x08000298                CCU80_1_IRQHandler
                0x08000298                CCU81_0_IRQHandler
                0x08000298                UsageFault_Handler
                0x08000298                USIC0_0_IRQHandler
                0x08000298                POSIF1_1_IRQHandler
                0x08000298                ERU0_2_IRQHandler
                0x08000298                CCU81_1_IRQHandler
                0x08000298                ERU1_1_IRQHandler
                0x08000298                VADC0_G2_3_IRQHandler
                0x08000298                VADC0_G2_2_IRQHandler
                0x08000298                CCU42_3_IRQHandler
                0x08000298                ERU0_3_IRQHandler
                0x08000298                DSD0_5_IRQHandler
                0x08000298                VADC0_C0_3_IRQHandler
                0x08000298                CAN0_6_IRQHandler
                0x08000298                VADC0_G0_1_IRQHandler
                0x08000298                CCU81_2_IRQHandler
                0x08000298                USIC2_4_IRQHandler
                0x08000298                CCU81_3_IRQHandler
                0x08000298                CCU42_1_IRQHandler
                0x08000298                USIC2_5_IRQHandler
                0x08000298                CCU40_0_IRQHandler
                0x08000298                CAN0_0_IRQHandler
                0x08000298                ERU1_0_IRQHandler
                0x08000298                CCU42_2_IRQHandler
                0x08000298                Default_Handler
                0x08000298                USIC1_4_IRQHandler
                0x08000298                ERU1_3_IRQHandler
                0x08000298                POSIF0_1_IRQHandler
                0x08000298                VADC0_G0_0_IRQHandler
                0x08000298                DSD0_2_IRQHandler
                0x08000298                CCU80_3_IRQHandler
                0x08000298                CCU41_3_IRQHandler
                0x08000298                CCU80_2_IRQHandler
                0x08000298                VADC0_G1_3_IRQHandler
                0x08000298                VADC0_G0_3_IRQHandler
                0x08000298                GPDMA0_0_IRQHandler
                0x08000298                PMU0_0_IRQHandler
                0x08000298                CAN0_7_IRQHandler
                0x08000298                DSD0_1_IRQHandler
                0x08000298                CCU41_2_IRQHandler
                0x08000298                VADC0_C0_1_IRQHandler
                0x08000298                CCU43_2_IRQHandler
                0x08000298                USIC2_2_IRQHandler
                0x08000298                MemManage_Handler
                0x08000298                VADC0_G3_1_IRQHandler
                0x08000298                DAC0_0_IRQHandler
                0x08000298                SVC_Handler
                0x08000298                VADC0_G3_3_IRQHandler
                0x08000298                ERU1_2_IRQHandler
                0x08000298                CCU41_1_IRQHandler
                0x08000298                DSD0_6_IRQHandler
                0x08000298                CCU43_1_IRQHandler
                0x08000298                VADC0_G1_2_IRQHandler
                0x08000298                USIC2_3_IRQHandler
                0x08000298                CAN0_2_IRQHandler
                0x08000298                USIC2_0_IRQHandler
                0x08000298                VADC0_G0_2_IRQHandler
                0x08000298                VADC0_G2_1_IRQHandler
                0x08000298                CAN0_3_IRQHandler
                0x08000298                ETH0_0_IRQHandler
                0x08000298                USIC0_3_IRQHandler
                0x08000298                DSD0_0_IRQHandler
                0x08000298                CCU42_0_IRQHandler
                0x08000298                FCE0_0_IRQHandler
                0x08000298                VADC0_G1_0_IRQHandler
                0x08000298                USB0_0_IRQHandler
                0x08000298                CAN0_5_IRQHandler
                0x08000298                CCU80_0_IRQHandler
                0x08000298                CCU40_1_IRQHandler
                0x08000298                USIC2_1_IRQHandler
                0x08000298                USIC0_1_IRQHandler
                0x08000298                VADC0_G3_2_IRQHandler
                0x08000298                CCU40_3_IRQHandler
                0x08000298                BusFault_Handler
                0x08000298                LEDTS0_0_IRQHandler
                0x08000298                USIC0_4_IRQHandler
                0x08000298                CCU43_3_IRQHandler
                0x08000298                ERU0_1_IRQHandler
                0x08000298                VADC0_G3_0_IRQHandler
                0x08000298                USIC1_2_IRQHandler
                0x08000298                DSD0_3_IRQHandler
                0x08000298                SDMMC0_0_IRQHandler
                0x08000298                CAN0_1_IRQHandler
                0x08000298                USIC0_2_IRQHandler
                0x08000298                DAC0_1_IRQHandler
                0x08000298                GPDMA1_0_IRQHandler
 *(.text .text.* .gnu.linkonce.t.*)
 .text.SystemCoreClockUpdate
                0x0800029c       0x88 ./Startup/system_XMC4700.o
                0x0800029c                SystemCoreClockUpdate
 .text.SystemInit
                0x08000324       0x30 ./Startup/system_XMC4700.o
                0x08000324                SystemInit
 .text.XMC_GPIO_Init
                0x08000354       0x88 ./Libraries/XMCLib/src/xmc4_gpio.o
                0x08000354                XMC_GPIO_Init
 .text.XMC_RTC_Init
                0x080003dc       0x6c ./Libraries/XMCLib/src/xmc4_rtc.o
                0x080003dc                XMC_RTC_Init
 .text.XMC_RTC_EnableEvent
                0x08000448       0x1c ./Libraries/XMCLib/src/xmc4_rtc.o
                0x08000448                XMC_RTC_EnableEvent
 .text.XMC_SCU_lDelay
                0x08000464       0x2c ./Libraries/XMCLib/src/xmc4_scu.o
 .text.XMC_SCU_RESET_DeassertPeripheralReset
                0x08000490       0x14 ./Libraries/XMCLib/src/xmc4_scu.o
                0x08000490                XMC_SCU_RESET_DeassertPeripheralReset
 .text.XMC_SCU_RESET_IsPeripheralResetAsserted
                0x080004a4       0x1e ./Libraries/XMCLib/src/xmc4_scu.o
                0x080004a4                XMC_SCU_RESET_IsPeripheralResetAsserted
 *fill*         0x080004c2        0x2 
 .text.XMC_SCU_CLOCK_GetPeripheralClockFrequency
                0x080004c4       0x18 ./Libraries/XMCLib/src/xmc4_scu.o
                0x080004c4                XMC_SCU_CLOCK_GetPeripheralClockFrequency
 .text.XMC_SCU_CLOCK_SetSystemClockSource
                0x080004dc       0x14 ./Libraries/XMCLib/src/xmc4_scu.o
                0x080004dc                XMC_SCU_CLOCK_SetSystemClockSource
 .text.XMC_SCU_CLOCK_SetUsbClockSource
                0x080004f0       0x14 ./Libraries/XMCLib/src/xmc4_scu.o
                0x080004f0                XMC_SCU_CLOCK_SetUsbClockSource
 .text.XMC_SCU_CLOCK_SetWdtClockSource
                0x08000504       0x14 ./Libraries/XMCLib/src/xmc4_scu.o
                0x08000504                XMC_SCU_CLOCK_SetWdtClockSource
 .text.XMC_SCU_CLOCK_SetSystemPllClockSource
                0x08000518       0x20 ./Libraries/XMCLib/src/xmc4_scu.o
                0x08000518                XMC_SCU_CLOCK_SetSystemPllClockSource
 .text.XMC_SCU_HIB_SetRtcClockSource
                0x08000538       0x20 ./Libraries/XMCLib/src/xmc4_scu.o
                0x08000538                XMC_SCU_HIB_SetRtcClockSource
 .text.XMC_SCU_HIB_SetStandbyClockSource
                0x08000558       0x20 ./Libraries/XMCLib/src/xmc4_scu.o
                0x08000558                XMC_SCU_HIB_SetStandbyClockSource
 .text.XMC_SCU_CLOCK_SetSystemClockDivider
                0x08000578       0x14 ./Libraries/XMCLib/src/xmc4_scu.o
                0x08000578                XMC_SCU_CLOCK_SetSystemClockDivider
 .text.XMC_SCU_CLOCK_SetCcuClockDivider
                0x0800058c       0x14 ./Libraries/XMCLib/src/xmc4_scu.o
                0x0800058c                XMC_SCU_CLOCK_SetCcuClockDivider
 .text.XMC_SCU_CLOCK_SetCpuClockDivider
                0x080005a0       0x14 ./Libraries/XMCLib/src/xmc4_scu.o
                0x080005a0                XMC_SCU_CLOCK_SetCpuClockDivider
 .text.XMC_SCU_CLOCK_SetPeripheralClockDivider
                0x080005b4       0x14 ./Libraries/XMCLib/src/xmc4_scu.o
                0x080005b4                XMC_SCU_CLOCK_SetPeripheralClockDivider
 .text.XMC_SCU_CLOCK_SetUsbClockDivider
                0x080005c8       0x14 ./Libraries/XMCLib/src/xmc4_scu.o
                0x080005c8                XMC_SCU_CLOCK_SetUsbClockDivider
 .text.XMC_SCU_CLOCK_SetEbuClockDivider
                0x080005dc       0x14 ./Libraries/XMCLib/src/xmc4_scu.o
                0x080005dc                XMC_SCU_CLOCK_SetEbuClockDivider
 .text.XMC_SCU_CLOCK_SetWdtClockDivider
                0x080005f0       0x14 ./Libraries/XMCLib/src/xmc4_scu.o
                0x080005f0                XMC_SCU_CLOCK_SetWdtClockDivider
 .text.XMC_SCU_CLOCK_EnableClock
                0x08000604        0xc ./Libraries/XMCLib/src/xmc4_scu.o
                0x08000604                XMC_SCU_CLOCK_EnableClock
 .text.XMC_SCU_CLOCK_UngatePeripheralClock
                0x08000610       0x14 ./Libraries/XMCLib/src/xmc4_scu.o
                0x08000610                XMC_SCU_CLOCK_UngatePeripheralClock
 .text.XMC_SCU_CLOCK_IsPeripheralClockGated
                0x08000624       0x1c ./Libraries/XMCLib/src/xmc4_scu.o
                0x08000624                XMC_SCU_CLOCK_IsPeripheralClockGated
 .text.XMC_SCU_CLOCK_StartUsbPll
                0x08000640       0x44 ./Libraries/XMCLib/src/xmc4_scu.o
                0x08000640                XMC_SCU_CLOCK_StartUsbPll
 .text.XMC_SCU_CLOCK_SetBackupClockCalibrationMode
                0x08000684       0x34 ./Libraries/XMCLib/src/xmc4_scu.o
                0x08000684                XMC_SCU_CLOCK_SetBackupClockCalibrationMode
 .text.XMC_SCU_HIB_EnableHibernateDomain
                0x080006b8       0x34 ./Libraries/XMCLib/src/xmc4_scu.o
                0x080006b8                XMC_SCU_HIB_EnableHibernateDomain
 .text.XMC_SCU_HIB_IsHibernateDomainEnabled
                0x080006ec       0x1c ./Libraries/XMCLib/src/xmc4_scu.o
                0x080006ec                XMC_SCU_HIB_IsHibernateDomainEnabled
 .text.XMC_SCU_CLOCK_IsLowPowerOscillatorStable
                0x08000708       0x14 ./Libraries/XMCLib/src/xmc4_scu.o
                0x08000708                XMC_SCU_CLOCK_IsLowPowerOscillatorStable
 .text.XMC_SCU_CLOCK_EnableLowPowerOscillator
                0x0800071c       0x4c ./Libraries/XMCLib/src/xmc4_scu.o
                0x0800071c                XMC_SCU_CLOCK_EnableLowPowerOscillator
 .text.XMC_SCU_CLOCK_EnableHighPerformanceOscillator
                0x08000768       0x40 ./Libraries/XMCLib/src/xmc4_scu.o
                0x08000768                XMC_SCU_CLOCK_EnableHighPerformanceOscillator
 .text.XMC_SCU_CLOCK_IsHighPerformanceOscillatorStable
                0x080007a8       0x18 ./Libraries/XMCLib/src/xmc4_scu.o
                0x080007a8                XMC_SCU_CLOCK_IsHighPerformanceOscillatorStable
 .text.XMC_SCU_CLOCK_EnableSystemPll
                0x080007c0       0x14 ./Libraries/XMCLib/src/xmc4_scu.o
                0x080007c0                XMC_SCU_CLOCK_EnableSystemPll
 .text.XMC_SCU_CLOCK_DisableSystemPll
                0x080007d4       0x14 ./Libraries/XMCLib/src/xmc4_scu.o
                0x080007d4                XMC_SCU_CLOCK_DisableSystemPll
 .text.XMC_SCU_CLOCK_StepSystemPllFrequency
                0x080007e8       0x1c ./Libraries/XMCLib/src/xmc4_scu.o
                0x080007e8                XMC_SCU_CLOCK_StepSystemPllFrequency
 .text.XMC_SCU_CLOCK_StartSystemPll
                0x08000804       0xe8 ./Libraries/XMCLib/src/xmc4_scu.o
                0x08000804                XMC_SCU_CLOCK_StartSystemPll
 .text.XMC_SCU_CLOCK_Init
                0x080008ec       0x9c ./Libraries/XMCLib/src/xmc4_scu.o
                0x080008ec                XMC_SCU_CLOCK_Init
 .text.XMC_CCU4_EnableModule
                0x08000988       0x68 ./Libraries/XMCLib/src/xmc_ccu4.o
                0x08000988                XMC_CCU4_EnableModule
 .text.XMC_CCU4_Init
                0x080009f0       0x1e ./Libraries/XMCLib/src/xmc_ccu4.o
                0x080009f0                XMC_CCU4_Init
 .text.XMC_CCU4_SLICE_CompareInit
                0x08000a0e       0x2e ./Libraries/XMCLib/src/xmc_ccu4.o
                0x08000a0e                XMC_CCU4_SLICE_CompareInit
 .text.XMC_CCU4_SLICE_SetPrescaler
                0x08000a3c       0x10 ./Libraries/XMCLib/src/xmc_ccu4.o
                0x08000a3c                XMC_CCU4_SLICE_SetPrescaler
 .text.XMC_CCU4_SLICE_SetInterruptNode
                0x08000a4c       0x34 ./Libraries/XMCLib/src/xmc_ccu4.o
                0x08000a4c                XMC_CCU4_SLICE_SetInterruptNode
 .text.XMC_GPIO_SetHardwareControl
                0x08000a80       0x1a ./Libraries/XMCLib/src/xmc_gpio.o
                0x08000a80                XMC_GPIO_SetHardwareControl
 *fill*         0x08000a9a        0x2 
 .text.XMC_RTC_Start
                0x08000a9c       0x20 ./Libraries/XMCLib/src/xmc_rtc.o
                0x08000a9c                XMC_RTC_Start
 .text.XMC_RTC_SetPrescaler
                0x08000abc       0x20 ./Libraries/XMCLib/src/xmc_rtc.o
                0x08000abc                XMC_RTC_SetPrescaler
 .text.XMC_RTC_SetTime
                0x08000adc       0x28 ./Libraries/XMCLib/src/xmc_rtc.o
                0x08000adc                XMC_RTC_SetTime
 .text.XMC_RTC_GetTime
                0x08000b04       0x10 ./Libraries/XMCLib/src/xmc_rtc.o
                0x08000b04                XMC_RTC_GetTime
 .text.XMC_UART_CH_Init
                0x08000b14       0x6c ./Libraries/XMCLib/src/xmc_uart.o
                0x08000b14                XMC_UART_CH_Init
 .text.XMC_UART_CH_Transmit
                0x08000b80       0x22 ./Libraries/XMCLib/src/xmc_uart.o
                0x08000b80                XMC_UART_CH_Transmit
 .text.XMC_UART_CH_GetReceivedData
                0x08000ba2       0x14 ./Libraries/XMCLib/src/xmc_uart.o
                0x08000ba2                XMC_UART_CH_GetReceivedData
 *fill*         0x08000bb6        0x2 
 .text.XMC_USIC_Enable.part.0
                0x08000bb8       0x28 ./Libraries/XMCLib/src/xmc_usic.o
 .text.XMC_USIC_CH_SetBaudrate
                0x08000be0       0x7c ./Libraries/XMCLib/src/xmc_usic.o
                0x08000be0                XMC_USIC_CH_SetBaudrate
 .text.XMC_USIC_CH_SetBaudrateEx
                0x08000c5c       0x90 ./Libraries/XMCLib/src/xmc_usic.o
                0x08000c5c                XMC_USIC_CH_SetBaudrateEx
 .text.XMC_USIC_CH_TXFIFO_Configure
                0x08000cec       0x2c ./Libraries/XMCLib/src/xmc_usic.o
                0x08000cec                XMC_USIC_CH_TXFIFO_Configure
 .text.XMC_USIC_CH_RXFIFO_Configure
                0x08000d18       0x30 ./Libraries/XMCLib/src/xmc_usic.o
                0x08000d18                XMC_USIC_CH_RXFIFO_Configure
 .text.XMC_USIC_CH_RXFIFO_SetSizeTriggerLimit
                0x08000d48       0x22 ./Libraries/XMCLib/src/xmc_usic.o
                0x08000d48                XMC_USIC_CH_RXFIFO_SetSizeTriggerLimit
 .text.XMC_USIC_CH_SetInterruptNodePointer
                0x08000d6a       0x14 ./Libraries/XMCLib/src/xmc_usic.o
                0x08000d6a                XMC_USIC_CH_SetInterruptNodePointer
 .text.XMC_USIC_CH_TXFIFO_SetInterruptNodePointer
                0x08000d7e       0x18 ./Libraries/XMCLib/src/xmc_usic.o
                0x08000d7e                XMC_USIC_CH_TXFIFO_SetInterruptNodePointer
 .text.XMC_USIC_CH_RXFIFO_SetInterruptNodePointer
                0x08000d96       0x18 ./Libraries/XMCLib/src/xmc_usic.o
                0x08000d96                XMC_USIC_CH_RXFIFO_SetInterruptNodePointer
 *fill*         0x08000dae        0x2 
 .text.XMC_USIC_Enable
                0x08000db0       0x78 ./Libraries/XMCLib/src/xmc_usic.o
                0x08000db0                XMC_USIC_Enable
 .text.XMC_USIC_CH_Enable
                0x08000e28       0x68 ./Libraries/XMCLib/src/xmc_usic.o
                0x08000e28                XMC_USIC_CH_Enable
 .text.XMC_VADC_GLOBAL_EnableModule
                0x08000e90       0x12 ./Libraries/XMCLib/src/xmc_vadc.o
                0x08000e90                XMC_VADC_GLOBAL_EnableModule
 .text.XMC_VADC_GLOBAL_Init
                0x08000ea2       0x32 ./Libraries/XMCLib/src/xmc_vadc.o
                0x08000ea2                XMC_VADC_GLOBAL_Init
 .text.XMC_VADC_GLOBAL_InputClassInit
                0x08000ed4       0x18 ./Libraries/XMCLib/src/xmc_vadc.o
                0x08000ed4                XMC_VADC_GLOBAL_InputClassInit
 .text.XMC_VADC_GLOBAL_StartupCalibration
                0x08000eec       0x38 ./Libraries/XMCLib/src/xmc_vadc.o
                0x08000eec                XMC_VADC_GLOBAL_StartupCalibration
 .text.XMC_VADC_GLOBAL_BackgroundSetReqSrcEventInterruptNode
                0x08000f24       0x1e ./Libraries/XMCLib/src/xmc_vadc.o
                0x08000f24                XMC_VADC_GLOBAL_BackgroundSetReqSrcEventInterruptNode
 .text.XMC_VADC_GROUP_InputClassInit
                0x08000f42       0x48 ./Libraries/XMCLib/src/xmc_vadc.o
                0x08000f42                XMC_VADC_GROUP_InputClassInit
 .text.XMC_VADC_GROUP_Init
                0x08000f8a       0x84 ./Libraries/XMCLib/src/xmc_vadc.o
                0x08000f8a                XMC_VADC_GROUP_Init
 .text.XMC_VADC_GROUP_SetPowerMode
                0x0800100e       0x10 ./Libraries/XMCLib/src/xmc_vadc.o
                0x0800100e                XMC_VADC_GROUP_SetPowerMode
 *fill*         0x0800101e        0x2 
 .text.XMC_VADC_GLOBAL_BackgroundInit
                0x08001020       0xcc ./Libraries/XMCLib/src/xmc_vadc.o
                0x08001020                XMC_VADC_GLOBAL_BackgroundInit
 .text.XMC_VADC_GROUP_ChannelInit
                0x080010ec       0x76 ./Libraries/XMCLib/src/xmc_vadc.o
                0x080010ec                XMC_VADC_GROUP_ChannelInit
 .text._init    0x08001162        0x2 ./Libraries/Newlib/syscalls.o
                0x08001162                _init
 .text.UART_lReconfigureRxFIFO
                0x08001164       0x1e ./Dave/Generated/UART/uart.o
 .text.UART_Init
                0x08001182        0x6 ./Dave/Generated/UART/uart.o
                0x08001182                UART_Init
 .text.UART_StartTransmitIRQ
                0x08001188       0x64 ./Dave/Generated/UART/uart.o
                0x08001188                UART_StartTransmitIRQ
 .text.UART_Transmit
                0x080011ec       0x10 ./Dave/Generated/UART/uart.o
                0x080011ec                UART_Transmit
 .text.UART_StartReceiveIRQ
                0x080011fc       0x64 ./Dave/Generated/UART/uart.o
                0x080011fc                UART_StartReceiveIRQ
 .text.UART_Receive
                0x08001260       0x10 ./Dave/Generated/UART/uart.o
                0x08001260                UART_Receive
 .text.UART_lTransmitHandler
                0x08001270       0x8c ./Dave/Generated/UART/uart.o
                0x08001270                UART_lTransmitHandler
 .text.UART_lReceiveHandler
                0x080012fc       0xa4 ./Dave/Generated/UART/uart.o
                0x080012fc                UART_lReceiveHandler
 .text.NVIC_EncodePriority.constprop.1
                0x080013a0       0x1e ./Dave/Generated/UART/uart_conf.o
 *fill*         0x080013be        0x2 
 .text.BLT_init
                0x080013c0       0xcc ./Dave/Generated/UART/uart_conf.o
                0x080013c0                BLT_init
 .text.USIC1_1_IRQHandler
                0x0800148c        0xc ./Dave/Generated/UART/uart_conf.o
                0x0800148c                USIC1_1_IRQHandler
 .text.USIC1_0_IRQHandler
                0x08001498        0xc ./Dave/Generated/UART/uart_conf.o
                0x08001498                USIC1_0_IRQHandler
 .text.TIMER_Start
                0x080014a4       0x1c ./Dave/Generated/TIMER/timer.o
                0x080014a4                TIMER_Start
 .text.TIMER_GetTimerStatus
                0x080014c0       0x14 ./Dave/Generated/TIMER/timer.o
                0x080014c0                TIMER_GetTimerStatus
 .text.TIMER_Stop
                0x080014d4       0x26 ./Dave/Generated/TIMER/timer.o
                0x080014d4                TIMER_Stop
 .text.TIMER_CCU4_lShadowTransfer
                0x080014fa       0x14 ./Dave/Generated/TIMER/timer.o
                0x080014fa                TIMER_CCU4_lShadowTransfer
 *fill*         0x0800150e        0x2 
 .text.TIMER_SetTimeInterval
                0x08001510       0x80 ./Dave/Generated/TIMER/timer.o
                0x08001510                TIMER_SetTimeInterval
 .text.TIMER_CCU4_lInit
                0x08001590       0x5e ./Dave/Generated/TIMER/timer.o
                0x08001590                TIMER_CCU4_lInit
 .text.TIMER_Init
                0x080015ee       0x14 ./Dave/Generated/TIMER/timer.o
                0x080015ee                TIMER_Init
 .text.RTC_lConfigureInterrupts
                0x08001602       0x42 ./Dave/Generated/RTC/rtc.o
                0x08001602                RTC_lConfigureInterrupts
 .text.RTC_Init
                0x08001644       0x2e ./Dave/Generated/RTC/rtc.o
                0x08001644                RTC_Init
 .text.RTC_SetTime
                0x08001672       0x94 ./Dave/Generated/RTC/rtc.o
                0x08001672                RTC_SetTime
 .text.RTC_GetTime
                0x08001706       0x26 ./Dave/Generated/RTC/rtc.o
                0x08001706                RTC_GetTime
 .text.INTERRUPT_Init
                0x0800172c       0x90 ./Dave/Generated/INTERRUPT/interrupt.o
                0x0800172c                INTERRUPT_Init
 .text.GLOBAL_CCU4_Init
                0x080017bc       0x20 ./Dave/Generated/GLOBAL_CCU4/global_ccu4.o
                0x080017bc                GLOBAL_CCU4_Init
 .text.GLOBAL_ADC_Init
                0x080017dc       0x62 ./Dave/Generated/GLOBAL_ADC/global_adc.o
                0x080017dc                GLOBAL_ADC_Init
 .text.DIGITAL_IO_Init
                0x0800183e       0x1c ./Dave/Generated/DIGITAL_IO/digital_io.o
                0x0800183e                DIGITAL_IO_Init
 *fill*         0x0800185a        0x2 
 .text.SystemCoreSetup
                0x0800185c       0x78 ./Dave/Generated/CPU_CTRL_XMC4/cpu_ctrl_xmc4_conf.o
                0x0800185c                SystemCoreSetup
 .text.CLOCK_XMC4_Init
                0x080018d4        0x8 ./Dave/Generated/CLOCK_XMC4/clock_xmc4.o
                0x080018d4                CLOCK_XMC4_Init
 .text.OSCHP_GetFrequency
                0x080018dc        0x8 ./Dave/Generated/CLOCK_XMC4/clock_xmc4.o
                0x080018dc                OSCHP_GetFrequency
 .text.SystemCoreClockSetup
                0x080018e4       0x4c ./Dave/Generated/CLOCK_XMC4/clock_xmc4_conf.o
                0x080018e4                SystemCoreClockSetup
 .text.BUS_IO_Init
                0x08001930       0x32 ./Dave/Generated/BUS_IO/bus_io.o
                0x08001930                BUS_IO_Init
 .text.BUS_IO_Write
                0x08001962       0x32 ./Dave/Generated/BUS_IO/bus_io.o
                0x08001962                BUS_IO_Write
 .text.ADC_MEASUREMENT_Init
                0x08001994      0x130 ./Dave/Generated/ADC_MEASUREMENT/adc_measurement.o
                0x08001994                ADC_MEASUREMENT_Init
 .text.ADC_MEASUREMENT_StartConversion
                0x08001ac4       0x12 ./Dave/Generated/ADC_MEASUREMENT/adc_measurement.o
                0x08001ac4                ADC_MEASUREMENT_StartConversion
 .text.ADC_MEASUREMENT_GetResult
                0x08001ad6       0x14 ./Dave/Generated/ADC_MEASUREMENT/adc_measurement.o
                0x08001ad6                ADC_MEASUREMENT_GetResult
 *fill*         0x08001aea        0x2 
 .text.DAVE_Init
                0x08001aec       0xa4 ./Dave/Generated/DAVE.o
                0x08001aec                DAVE_Init
 .text.in_time_slot
                0x08001b90       0x64 ./main.o
                0x08001b90                in_time_slot
 .text.startup.main
                0x08001bf4      0x140 ./main.o
                0x08001bf4                main
 .text.EndofTransmit
                0x08001d34       0x14 ./main.o
                0x08001d34                EndofTransmit
 .text.EndofReceive
                0x08001d48      0x164 ./main.o
                0x08001d48                EndofReceive
 .text.VADC0_C0_2_IRQHandler
                0x08001eac       0x20 ./main.o
                0x08001eac                VADC0_C0_2_IRQHandler
 .text.CCU43_0_IRQHandler
                0x08001ecc       0x1c ./main.o
                0x08001ecc                CCU43_0_IRQHandler
 .text          0x08001ee8       0x18 c:/program files/dave-ide-4.4.2-64bit/eclipse/arm-gcc-49/bin/../lib/gcc/arm-none-eabi/4.9.3/armv7e-m/softfp\libgcc.a(_lshrdi3.o)
                0x08001ee8                __lshrdi3
                0x08001ee8                __aeabi_llsr
 .text          0x08001f00       0x2c c:/program files/dave-ide-4.4.2-64bit/eclipse/arm-gcc-49/bin/../lib/gcc/arm-none-eabi/4.9.3/armv7e-m/softfp\libgcc.a(_aeabi_uldivmod.o)
                0x08001f00                __aeabi_uldivmod
 .text          0x08001f2c       0x60 c:/program files/dave-ide-4.4.2-64bit/eclipse/arm-gcc-49/bin/../lib/gcc/arm-none-eabi/4.9.3/armv7e-m/softfp\libgcc.a(bpabi.o)
                0x08001f2c                __gnu_ldivmod_helper
                0x08001f5c                __gnu_uldivmod_helper
 .text          0x08001f8c        0x4 c:/program files/dave-ide-4.4.2-64bit/eclipse/arm-gcc-49/bin/../lib/gcc/arm-none-eabi/4.9.3/armv7e-m/softfp\libgcc.a(_dvmd_tls.o)
                0x08001f8c                __aeabi_idiv0
                0x08001f8c                __aeabi_ldiv0
 .text          0x08001f90      0x29c c:/program files/dave-ide-4.4.2-64bit/eclipse/arm-gcc-49/bin/../lib/gcc/arm-none-eabi/4.9.3/armv7e-m/softfp\libgcc.a(_divdi3.o)
                0x08001f90                __divdi3
 .text          0x0800222c      0x26c c:/program files/dave-ide-4.4.2-64bit/eclipse/arm-gcc-49/bin/../lib/gcc/arm-none-eabi/4.9.3/armv7e-m/softfp\libgcc.a(_udivdi3.o)
                0x0800222c                __udivdi3
 .text.__libc_init_array
                0x08002498       0x4c c:/program files/dave-ide-4.4.2-64bit/eclipse/arm-gcc-49/bin/../lib/gcc/arm-none-eabi/4.9.3/../../../../arm-none-eabi/lib/armv7e-m/softfp\libc_nano.a(lib_a-init.o)
                0x08002498                __libc_init_array
 *(.init)
 *(.fini)
 *crtbegin.o(.ctors)
 *crtbegin?.o(.ctors)
 *(EXCLUDE_FILE(*crtend.o *crtend?.o) .ctors)
 *(SORT(.ctors.*))
 *(.ctors)
 *crtbegin.o(.dtors)
 *crtbegin?.o(.dtors)
 *(EXCLUDE_FILE(*crtend.o *crtend?.o) .dtors)
 *(SORT(.dtors.*))
 *(.dtors)
 *(.rodata .rodata.*)
 .rodata.CSWTCH.37
                0x080024e4        0xa ./Libraries/XMCLib/src/xmc_ccu4.o
 .rodata.CSWTCH.38
                0x080024ee       0x14 ./Libraries/XMCLib/src/xmc_ccu4.o
 *fill*         0x08002502        0x2 
 .rodata.g_xmc_vadc_group_array
                0x08002504       0x10 ./Libraries/XMCLib/src/xmc_vadc.o
 .rodata.BLT_tx_pin_config
                0x08002514        0xc ./Dave/Generated/UART/uart_conf.o
                0x08002514                BLT_tx_pin_config
 .rodata.BLT_channel_config
                0x08002520        0xc ./Dave/Generated/UART/uart_conf.o
                0x08002520                BLT_channel_config
 .rodata.BLT_rx_pin_config
                0x0800252c        0xc ./Dave/Generated/UART/uart_conf.o
                0x0800252c                BLT_rx_pin_config
 .rodata.BLT_config
                0x08002538       0x30 ./Dave/Generated/UART/uart_conf.o
                0x08002538                BLT_config
 .rodata.BLT_tx_pin
                0x08002568        0xc ./Dave/Generated/UART/uart_conf.o
                0x08002568                BLT_tx_pin
 .rodata.RTC_0_config
                0x08002574        0x8 ./Dave/Generated/RTC/rtc_conf.o
                0x08002574                RTC_0_config
 .rodata.RTC_0_time_alarm_config
                0x0800257c       0x14 ./Dave/Generated/RTC/rtc_conf.o
                0x0800257c                RTC_0_time_alarm_config
 .rodata.INTERRUPT_0
                0x08002590        0x4 ./Dave/Generated/INTERRUPT/interrupt_conf.o
                0x08002590                INTERRUPT_0
 .rodata.INTERRUPT_1
                0x08002594        0x4 ./Dave/Generated/INTERRUPT/interrupt_conf.o
                0x08002594                INTERRUPT_1
 .rodata.group_init_handle0
                0x08002598       0x14 ./Dave/Generated/GLOBAL_ADC/global_adc_conf.o
                0x08002598                group_init_handle0
 .rodata.group_init_handle1
                0x080025ac       0x14 ./Dave/Generated/GLOBAL_ADC/global_adc_conf.o
                0x080025ac                group_init_handle1
 .rodata.group_init_handle3
                0x080025c0       0x14 ./Dave/Generated/GLOBAL_ADC/global_adc_conf.o
                0x080025c0                group_init_handle3
 .rodata.global_config
                0x080025d4       0x18 ./Dave/Generated/GLOBAL_ADC/global_adc_conf.o
                0x080025d4                global_config
 .rodata.group_init_handle2
                0x080025ec       0x14 ./Dave/Generated/GLOBAL_ADC/global_adc_conf.o
                0x080025ec                group_init_handle2
 .rodata.LBULB  0x08002600       0x14 ./Dave/Generated/DIGITAL_IO/digital_io_conf.o
                0x08002600                LBULB
 .rodata.MOTION_INPUT
                0x08002614       0x14 ./Dave/Generated/DIGITAL_IO/digital_io_conf.o
                0x08002614                MOTION_INPUT
 .rodata.LED_MOTION
                0x08002628       0x14 ./Dave/Generated/DIGITAL_IO/digital_io_conf.o
                0x08002628                LED_MOTION
 .rodata.TIMER_ADC_LED
                0x0800263c       0x14 ./Dave/Generated/DIGITAL_IO/digital_io_conf.o
                0x0800263c                TIMER_ADC_LED
 .rodata        0x08002650       0x14 ./Dave/Generated/CLOCK_XMC4/clock_xmc4_conf.o
 .rodata.LEDS_pin_list
                0x08002664       0x28 ./Dave/Generated/BUS_IO/bus_io_conf.o
                0x08002664                LEDS_pin_list
 .rodata.backgnd_rs_intr_handle
                0x0800268c        0xc ./Dave/Generated/ADC_MEASUREMENT/adc_measurement_conf.o
                0x0800268c                backgnd_rs_intr_handle
 .rodata.backgnd_config
                0x08002698        0xc ./Dave/Generated/ADC_MEASUREMENT/adc_measurement_conf.o
                0x08002698                backgnd_config
 .rodata.global_iclass_config
                0x080026a4        0x4 ./Dave/Generated/ADC_MEASUREMENT/adc_measurement_conf.o
                0x080026a4                global_iclass_config
 *(.gnu.linkonce.r*)
 *(vtable)
                0x080026a8                . = ALIGN (0x4)

.glue_7         0x080026a8        0x0 load address 0x0c0026a8
 .glue_7        0x00000000        0x0 linker stubs

.glue_7t        0x080026a8        0x0 load address 0x0c0026a8
 .glue_7t       0x00000000        0x0 linker stubs

.vfp11_veneer   0x080026a8        0x0 load address 0x0c0026a8
 .vfp11_veneer  0x00000000        0x0 linker stubs

.v4_bx          0x080026a8        0x0 load address 0x0c0026a8
 .v4_bx         0x00000000        0x0 linker stubs

.iplt           0x080026a8        0x0 load address 0x0c0026a8
 .iplt          0x00000000        0x0 ./Startup/startup_XMC4700.o

.eh_frame_hdr
 *(.eh_frame_hdr)

.eh_frame
 *(.eh_frame)

.ARM.extab
 *(.ARM.extab* .gnu.linkonce.armextab.*)
                0x080026a8                . = ALIGN (0x4)
                0x080026a8                __exidx_start = .

.ARM.exidx      0x080026a8        0x8 load address 0x0c0026a8
 *(.ARM.exidx* .gnu.linkonce.armexidx.*)
 .ARM.exidx     0x080026a8        0x8 c:/program files/dave-ide-4.4.2-64bit/eclipse/arm-gcc-49/bin/../lib/gcc/arm-none-eabi/4.9.3/armv7e-m/softfp\libgcc.a(_divdi3.o)
 .ARM.exidx     0x080026b0        0x0 c:/program files/dave-ide-4.4.2-64bit/eclipse/arm-gcc-49/bin/../lib/gcc/arm-none-eabi/4.9.3/armv7e-m/softfp\libgcc.a(_udivdi3.o)
                                  0x8 (size before relaxing)
                0x080026b0                __exidx_end = .

.rel.dyn        0x080026b0        0x0 load address 0x0c0026b0
 .rel.iplt      0x00000000        0x0 ./Startup/startup_XMC4700.o
                0x080026b0                . = ALIGN (0x4)

Stack           0x1ffe8000      0x800
                0x1ffe8000                __stack_start = .
                0x1ffe8800                . = (. + stack_size)
 *fill*         0x1ffe8000      0x800 
                0x1ffe8800                __stack_end = .
                0x1ffe8800                __initial_sp = .

.ram_code       0x1ffe8800        0x0 load address 0x0c0026b0
                0x1ffe8800                . = ALIGN (0x4)
                0x1ffe8800                __ram_code_start = .
 *(.ram_code)
                0x1ffe8800                . = ALIGN (0x4)
                0x1ffe8800                __ram_code_end = .
                0x0c0026b0                __ram_code_load = LOADADDR (.ram_code)
                0x00000000                __ram_code_size = (__ram_code_end - __ram_code_start)

.data           0x1ffe8800      0x130 load address 0x0c0026b0
                0x1ffe8800                . = ALIGN (0x4)
                0x1ffe8800                __data_start = .
 *(.data)
 *(.data*)
 .data.BLT      0x1ffe8800        0xc ./Dave/Generated/UART/uart_conf.o
                0x1ffe8800                BLT
 .data.TIMER_ALIVE_config
                0x1ffe880c        0x8 ./Dave/Generated/TIMER/timer_conf.o
                0x1ffe880c                TIMER_ALIVE_config
 .data.TIMER_ADC_SAMPLE
                0x1ffe8814       0x28 ./Dave/Generated/TIMER/timer_conf.o
                0x1ffe8814                TIMER_ADC_SAMPLE
 .data.TIMER_ADC_SAMPLE_config
                0x1ffe883c        0x8 ./Dave/Generated/TIMER/timer_conf.o
                0x1ffe883c                TIMER_ADC_SAMPLE_config
 .data.TIMER_ALIVE
                0x1ffe8844       0x28 ./Dave/Generated/TIMER/timer_conf.o
                0x1ffe8844                TIMER_ALIVE
 .data.RTC_0    0x1ffe886c        0xc ./Dave/Generated/RTC/rtc_conf.o
                0x1ffe886c                RTC_0
 .data.GLOBAL_CCU4_0
                0x1ffe8878       0x10 ./Dave/Generated/GLOBAL_CCU4/global_ccu4_conf.o
                0x1ffe8878                GLOBAL_CCU4_0
 .data.group_0_config
                0x1ffe8888        0xc ./Dave/Generated/GLOBAL_ADC/global_adc_conf.o
                0x1ffe8888                group_0_config
 .data.GLOBAL_ADC_0
                0x1ffe8894       0x1c ./Dave/Generated/GLOBAL_ADC/global_adc_conf.o
                0x1ffe8894                GLOBAL_ADC_0
 .data.group_1_config
                0x1ffe88b0        0xc ./Dave/Generated/GLOBAL_ADC/global_adc_conf.o
                0x1ffe88b0                group_1_config
 .data.group_3_config
                0x1ffe88bc        0xc ./Dave/Generated/GLOBAL_ADC/global_adc_conf.o
                0x1ffe88bc                group_3_config
 .data.group_2_config
                0x1ffe88c8        0xc ./Dave/Generated/GLOBAL_ADC/global_adc_conf.o
                0x1ffe88c8                group_2_config
 .data.LEDS     0x1ffe88d4       0x14 ./Dave/Generated/BUS_IO/bus_io_conf.o
                0x1ffe88d4                LEDS
 .data.ADC_LUMINOSITY
                0x1ffe88e8       0x1c ./Dave/Generated/ADC_MEASUREMENT/adc_measurement_conf.o
                0x1ffe88e8                ADC_LUMINOSITY
 .data.ADC_MEASUREMENT_Channel_A_handle
                0x1ffe8904       0x10 ./Dave/Generated/ADC_MEASUREMENT/adc_measurement_conf.o
                0x1ffe8904                ADC_MEASUREMENT_Channel_A_handle
 .data.Channel_A_ch_config
                0x1ffe8914       0x10 ./Dave/Generated/ADC_MEASUREMENT/adc_measurement_conf.o
                0x1ffe8914                Channel_A_ch_config
 .data.ADC_MEASUREMENT_channel_array
                0x1ffe8924        0x4 ./Dave/Generated/ADC_MEASUREMENT/adc_measurement_conf.o
                0x1ffe8924                ADC_MEASUREMENT_channel_array
 .data.A        0x1ffe8928        0x1 ./main.o
                0x1ffe8928                A
 .data.alive_time
                0x1ffe8929        0x1 ./main.o
                0x1ffe8929                alive_time
 .data.E        0x1ffe892a        0x1 ./main.o
                0x1ffe892a                E
 .data.mode     0x1ffe892b        0x1 ./main.o
                0x1ffe892b                mode
 .data.time_slot
                0x1ffe892c        0x4 ./main.o
                0x1ffe892c                time_slot
 *(*.data)
 *(.gnu.linkonce.d*)
                0x1ffe8930                . = ALIGN (0x4)
                0x1ffe8930                PROVIDE (__preinit_array_start, .)
 *(.preinit_array)
                0x1ffe8930                PROVIDE (__preinit_array_end, .)
                0x1ffe8930                . = ALIGN (0x4)
                0x1ffe8930                PROVIDE (__init_array_start, .)
 *(SORT(.init_array.*))
 *(.init_array)
                0x1ffe8930                PROVIDE (__init_array_end, .)
                0x1ffe8930                . = ALIGN (0x4)
                0x1ffe8930                PROVIDE (__fini_array_start, .)
 *(SORT(.fini_array.*))
 *(.fini_array)
                0x1ffe8930                PROVIDE (__fini_array_end, .)
                0x1ffe8930                . = ALIGN (0x4)
                0x1ffe8930                __data_end = .
                0x0c0026b0                __data_load = LOADADDR (.data)
                0x00000130                __data_size = (__data_end - __data_start)
                0x000027e0                __text_size = (((__exidx_end - sText) + __data_size) + __ram_code_size)
                0x080027e0                eText = (sText + __text_size)

.igot.plt       0x1ffe8930        0x0 load address 0x0c0027e0
 .igot.plt      0x00000000        0x0 ./Startup/startup_XMC4700.o

.bss            0x1ffe8930       0x74 load address 0x0c0027e0
                0x1ffe8930                . = ALIGN (0x4)
                0x1ffe8930                __bss_start = .
 *(.bss)
 *(.bss*)
 .bss.BLT_runtime
                0x1ffe8930       0x1c ./Dave/Generated/UART/uart_conf.o
                0x1ffe8930                BLT_runtime
 .bss.CLOCK_XMC4_0
                0x1ffe894c        0x1 ./Dave/Generated/CLOCK_XMC4/clock_xmc4_conf.o
                0x1ffe894c                CLOCK_XMC4_0
 *fill*         0x1ffe894d        0x3 
 .bss.Channel_A_res_config
                0x1ffe8950        0x4 ./Dave/Generated/ADC_MEASUREMENT/adc_measurement_conf.o
                0x1ffe8950                Channel_A_res_config
 .bss.message_type
                0x1ffe8954        0x1 ./main.o
                0x1ffe8954                message_type
 .bss.luminosity
                0x1ffe8955        0x1 ./main.o
                0x1ffe8955                luminosity
 *(COMMON)
 *fill*         0x1ffe8956        0x2 
 COMMON         0x1ffe8958       0x4c ./main.o
                0x1ffe8958                luminosity_measured
                0x1ffe895c                gmt_time
                0x1ffe8964                message
 *(.gnu.linkonce.b*)
                0x1ffe89a4                . = ALIGN (0x4)
                0x1ffe89a4                __bss_end = .
                0x00000074                __bss_size = (__bss_end - __bss_start)
                0x0001765c                __shift_loc = (__bss_end >= ORIGIN (DSRAM_1_system))?0x0:(ORIGIN (DSRAM_1_system) - __bss_end)

USB_RAM         0x20000000        0x0
                0x20000000                . = ALIGN (0x4)
                0x20000000                USB_RAM_start = .
 *(USB_RAM)
                0x20000000                . = ALIGN (0x4)
                0x20000000                USB_RAM_end = .
                0x00000000                USB_RAM_size = (USB_RAM_end - USB_RAM_start)

ETH_RAM         0x20000000        0x0
                0x20000000                . = ALIGN (0x4)
                0x20000000                ETH_RAM_start = .
 *(ETH_RAM)
                0x20000000                . = ALIGN (0x4)
                0x20000000                ETH_RAM_end = .
                0x20000000                . = ALIGN (0x8)
                0x20000000                Heap_Bank1_Start = .
                0x00000000                ETH_RAM_size = (ETH_RAM_end - ETH_RAM_start)

.no_init        0x2003ffc0       0x14
                0x2003ffc0                Heap_Bank1_End = .
 *(.no_init)
 .no_init       0x2003ffc0       0x14 ./Startup/system_XMC4700.o
                0x2003ffc0                SystemCoreClock
                0x2003ffc4                g_chipid
                0x0003ffc0                Heap_Bank1_Size = (Heap_Bank1_End - Heap_Bank1_Start)
                0x00000001                ASSERT ((Heap_Bank1_Start <= Heap_Bank1_End), region SRAM_combined overflowed no_init section)

/DISCARD/
 *(.comment)

.stab
 *(.stab)

.stabstr
 *(.stabstr)

.debug
 *(.debug)

.line
 *(.line)

.debug_srcinfo
 *(.debug_srcinfo)

.debug_sfnames
 *(.debug_sfnames)

.debug_aranges
 *(.debug_aranges)

.debug_pubnames
 *(.debug_pubnames)

.debug_pubtypes
 *(.debug_pubtypes)

.debug_info
 *(.debug_info .gnu.linkonce.wi.*)

.debug_abbrev
 *(.debug_abbrev)

.debug_line
 *(.debug_line)

.debug_frame    0x00000000      0x108
 *(.debug_frame)
 .debug_frame   0x00000000       0x28 c:/program files/dave-ide-4.4.2-64bit/eclipse/arm-gcc-49/bin/../lib/gcc/arm-none-eabi/4.9.3/armv7e-m/softfp\libgcc.a(_aeabi_uldivmod.o)
 .debug_frame   0x00000028       0x50 c:/program files/dave-ide-4.4.2-64bit/eclipse/arm-gcc-49/bin/../lib/gcc/arm-none-eabi/4.9.3/armv7e-m/softfp\libgcc.a(bpabi.o)
 .debug_frame   0x00000078       0x34 c:/program files/dave-ide-4.4.2-64bit/eclipse/arm-gcc-49/bin/../lib/gcc/arm-none-eabi/4.9.3/armv7e-m/softfp\libgcc.a(_divdi3.o)
 .debug_frame   0x000000ac       0x30 c:/program files/dave-ide-4.4.2-64bit/eclipse/arm-gcc-49/bin/../lib/gcc/arm-none-eabi/4.9.3/armv7e-m/softfp\libgcc.a(_udivdi3.o)
 .debug_frame   0x000000dc       0x2c c:/program files/dave-ide-4.4.2-64bit/eclipse/arm-gcc-49/bin/../lib/gcc/arm-none-eabi/4.9.3/../../../../arm-none-eabi/lib/armv7e-m/softfp\libc_nano.a(lib_a-init.o)

.debug_str
 *(.debug_str)

.debug_loc
 *(.debug_loc)

.debug_macinfo
 *(.debug_macinfo)

.debug_ranges
 *(.debug_ranges)

.debug_weaknames
 *(.debug_weaknames)

.debug_funcnames
 *(.debug_funcnames)

.debug_typenames
 *(.debug_typenames)

.debug_varnames
 *(.debug_varnames)

.build_attributes
                0x00000000      0x8a1
 *(.ARM.attributes)
 .ARM.attributes
                0x00000000       0x25 ./Startup/startup_XMC4700.o
 .ARM.attributes
                0x00000025       0x37 ./Startup/system_XMC4700.o
 .ARM.attributes
                0x0000005c       0x37 ./Libraries/XMCLib/src/xmc4_gpio.o
 .ARM.attributes
                0x00000093       0x37 ./Libraries/XMCLib/src/xmc4_rtc.o
 .ARM.attributes
                0x000000ca       0x37 ./Libraries/XMCLib/src/xmc4_scu.o
 .ARM.attributes
                0x00000101       0x37 ./Libraries/XMCLib/src/xmc_ccu4.o
 .ARM.attributes
                0x00000138       0x37 ./Libraries/XMCLib/src/xmc_gpio.o
 .ARM.attributes
                0x0000016f       0x37 ./Libraries/XMCLib/src/xmc_rtc.o
 .ARM.attributes
                0x000001a6       0x37 ./Libraries/XMCLib/src/xmc_uart.o
 .ARM.attributes
                0x000001dd       0x37 ./Libraries/XMCLib/src/xmc_usic.o
 .ARM.attributes
                0x00000214       0x37 ./Libraries/XMCLib/src/xmc_vadc.o
 .ARM.attributes
                0x0000024b       0x37 ./Libraries/Newlib/syscalls.o
 .ARM.attributes
                0x00000282       0x37 ./Dave/Generated/UART/uart.o
 .ARM.attributes
                0x000002b9       0x37 ./Dave/Generated/UART/uart_conf.o
 .ARM.attributes
                0x000002f0       0x37 ./Dave/Generated/TIMER/timer.o
 .ARM.attributes
                0x00000327       0x37 ./Dave/Generated/TIMER/timer_conf.o
 .ARM.attributes
                0x0000035e       0x37 ./Dave/Generated/RTC/rtc.o
 .ARM.attributes
                0x00000395       0x37 ./Dave/Generated/RTC/rtc_conf.o
 .ARM.attributes
                0x000003cc       0x37 ./Dave/Generated/INTERRUPT/interrupt.o
 .ARM.attributes
                0x00000403       0x37 ./Dave/Generated/INTERRUPT/interrupt_conf.o
 .ARM.attributes
                0x0000043a       0x37 ./Dave/Generated/GLOBAL_CCU4/global_ccu4.o
 .ARM.attributes
                0x00000471       0x37 ./Dave/Generated/GLOBAL_CCU4/global_ccu4_conf.o
 .ARM.attributes
                0x000004a8       0x37 ./Dave/Generated/GLOBAL_ADC/global_adc.o
 .ARM.attributes
                0x000004df       0x37 ./Dave/Generated/GLOBAL_ADC/global_adc_conf.o
 .ARM.attributes
                0x00000516       0x37 ./Dave/Generated/DIGITAL_IO/digital_io.o
 .ARM.attributes
                0x0000054d       0x37 ./Dave/Generated/DIGITAL_IO/digital_io_conf.o
 .ARM.attributes
                0x00000584       0x37 ./Dave/Generated/CPU_CTRL_XMC4/cpu_ctrl_xmc4_conf.o
 .ARM.attributes
                0x000005bb       0x37 ./Dave/Generated/CLOCK_XMC4/clock_xmc4.o
 .ARM.attributes
                0x000005f2       0x37 ./Dave/Generated/CLOCK_XMC4/clock_xmc4_conf.o
 .ARM.attributes
                0x00000629       0x37 ./Dave/Generated/BUS_IO/bus_io.o
 .ARM.attributes
                0x00000660       0x37 ./Dave/Generated/BUS_IO/bus_io_conf.o
 .ARM.attributes
                0x00000697       0x37 ./Dave/Generated/ADC_MEASUREMENT/adc_measurement.o
 .ARM.attributes
                0x000006ce       0x37 ./Dave/Generated/ADC_MEASUREMENT/adc_measurement_conf.o
 .ARM.attributes
                0x00000705       0x37 ./Dave/Generated/DAVE.o
 .ARM.attributes
                0x0000073c       0x37 ./main.o
 .ARM.attributes
                0x00000773       0x22 c:/program files/dave-ide-4.4.2-64bit/eclipse/arm-gcc-49/bin/../lib/gcc/arm-none-eabi/4.9.3/armv7e-m/softfp\libgcc.a(_lshrdi3.o)
 .ARM.attributes
                0x00000795       0x22 c:/program files/dave-ide-4.4.2-64bit/eclipse/arm-gcc-49/bin/../lib/gcc/arm-none-eabi/4.9.3/armv7e-m/softfp\libgcc.a(_aeabi_uldivmod.o)
 .ARM.attributes
                0x000007b7       0x32 c:/program files/dave-ide-4.4.2-64bit/eclipse/arm-gcc-49/bin/../lib/gcc/arm-none-eabi/4.9.3/armv7e-m/softfp\libgcc.a(bpabi.o)
 .ARM.attributes
                0x000007e9       0x22 c:/program files/dave-ide-4.4.2-64bit/eclipse/arm-gcc-49/bin/../lib/gcc/arm-none-eabi/4.9.3/armv7e-m/softfp\libgcc.a(_dvmd_tls.o)
 .ARM.attributes
                0x0000080b       0x32 c:/program files/dave-ide-4.4.2-64bit/eclipse/arm-gcc-49/bin/../lib/gcc/arm-none-eabi/4.9.3/armv7e-m/softfp\libgcc.a(_divdi3.o)
 .ARM.attributes
                0x0000083d       0x32 c:/program files/dave-ide-4.4.2-64bit/eclipse/arm-gcc-49/bin/../lib/gcc/arm-none-eabi/4.9.3/armv7e-m/softfp\libgcc.a(_udivdi3.o)
 .ARM.attributes
                0x0000086f       0x32 c:/program files/dave-ide-4.4.2-64bit/eclipse/arm-gcc-49/bin/../lib/gcc/arm-none-eabi/4.9.3/../../../../arm-none-eabi/lib/armv7e-m/softfp\libc_nano.a(lib_a-init.o)
OUTPUT(StreetLight.elf elf32-littlearm)
